dian@bugas:~$ ssh -l user-16 lab2.nolsatu.id -p 2200
WELCOME TO SSH GATEWAY LAB2.NOLSATU.ID
user-16@lab2.nolsatu.id's password: 
Welcome to Ubuntu 18.04.2 LTS (GNU/Linux 4.15.0-47-generic x86_64)

 * Documentation:  https://help.ubuntu.com
 * Management:     https://landscape.canonical.com
 * Support:        https://ubuntu.com/advantage

  System information as of Mon Jan  6 10:53:42 UTC 2020

  System load:  0.0                Processes:           162
  Usage of /:   16.7% of 19.21GB   Users logged in:     8
  Memory usage: 19%                IP address for ens3: 10.60.8.2
  Swap usage:   0%

 * Overheard at KubeCon: "microk8s.status just blew my mind".

     https://microk8s.io/docs/commands#microk8s.status

  Get cloud support with Ubuntu Advantage Cloud Guest:
    http://www.ubuntu.com/business/services/cloud

 * Canonical Livepatch is available for installation.
   - Reduce system reboots and improve kernel security. Activate at:
     https://ubuntu.com/livepatch

99 packages can be updated.
0 updates are security updates.


*** System restart required ***
Last login: Mon Jan  6 10:48:14 2020 from 125.160.112.185
user-16@ssh-gateway:~$ ssh ubuntu@10.60.8.135
Welcome to Ubuntu 18.04.2 LTS (GNU/Linux 4.15.0-46-generic x86_64)

 * Documentation:  https://help.ubuntu.com
 * Management:     https://landscape.canonical.com
 * Support:        https://ubuntu.com/advantage

  System information as of Mon Jan  6 10:54:14 UTC 2020

  System load:  0.0               Processes:           88
  Usage of /:   5.0% of 19.21GB   Users logged in:     0
  Memory usage: 6%                IP address for ens3: 10.16.16.8
  Swap usage:   0%


  Get cloud support with Ubuntu Advantage Cloud Guest:
    http://www.ubuntu.com/business/services/cloud

0 packages can be updated.
0 updates are security updates.


Last login: Mon Jan  6 10:25:36 2020 from 10.60.8.2
To run a command as administrator (user "root"), use "sudo <command>".
See "man sudo_root" for details.

ubuntu@pod16-node1:~$ sudo apt-get update
Get:1 http://security.ubuntu.com/ubuntu bionic-security InRelease [88.7 kB]
Hit:2 http://nova.clouds.archive.ubuntu.com/ubuntu bionic InRelease                                
Get:3 http://nova.clouds.archive.ubuntu.com/ubuntu bionic-updates InRelease [88.7 kB]
Get:4 http://security.ubuntu.com/ubuntu bionic-security/main amd64 Packages [593 kB]
Get:5 http://nova.clouds.archive.ubuntu.com/ubuntu bionic-backports InRelease [74.6 kB]
Get:6 http://security.ubuntu.com/ubuntu bionic-security/main Translation-en [194 kB]            
Get:7 http://nova.clouds.archive.ubuntu.com/ubuntu bionic/universe amd64 Packages [8570 kB]
Get:8 http://security.ubuntu.com/ubuntu bionic-security/restricted amd64 Packages [15.1 kB]
Get:9 http://security.ubuntu.com/ubuntu bionic-security/restricted Translation-en [4684 B]
Get:10 http://security.ubuntu.com/ubuntu bionic-security/universe amd64 Packages [627 kB]
Get:11 http://security.ubuntu.com/ubuntu bionic-security/universe Translation-en [210 kB]
Get:12 http://security.ubuntu.com/ubuntu bionic-security/multiverse amd64 Packages [6120 B]
Get:13 http://security.ubuntu.com/ubuntu bionic-security/multiverse Translation-en [2600 B]
Get:14 http://nova.clouds.archive.ubuntu.com/ubuntu bionic/universe Translation-en [4941 kB]
Get:15 http://nova.clouds.archive.ubuntu.com/ubuntu bionic/multiverse amd64 Packages [151 kB]
Get:16 http://nova.clouds.archive.ubuntu.com/ubuntu bionic/multiverse Translation-en [108 kB]
Get:17 http://nova.clouds.archive.ubuntu.com/ubuntu bionic-updates/main amd64 Packages [817 kB]
Get:18 http://nova.clouds.archive.ubuntu.com/ubuntu bionic-updates/main Translation-en [288 kB]                                                      
Get:19 http://nova.clouds.archive.ubuntu.com/ubuntu bionic-updates/restricted amd64 Packages [24.1 kB]                                               
Get:20 http://nova.clouds.archive.ubuntu.com/ubuntu bionic-updates/restricted Translation-en [6620 B]                                                
Get:21 http://nova.clouds.archive.ubuntu.com/ubuntu bionic-updates/universe amd64 Packages [1033 kB]                                                 
Get:22 http://nova.clouds.archive.ubuntu.com/ubuntu bionic-updates/universe Translation-en [319 kB]                                                  
Get:23 http://nova.clouds.archive.ubuntu.com/ubuntu bionic-updates/multiverse amd64 Packages [9284 B]                                                
Get:24 http://nova.clouds.archive.ubuntu.com/ubuntu bionic-updates/multiverse Translation-en [4508 B]                                                
Get:25 http://nova.clouds.archive.ubuntu.com/ubuntu bionic-backports/main amd64 Packages [2512 B]                                                    
Get:26 http://nova.clouds.archive.ubuntu.com/ubuntu bionic-backports/main Translation-en [1644 B]                                                    
Get:27 http://nova.clouds.archive.ubuntu.com/ubuntu bionic-backports/universe amd64 Packages [4028 B]                                                
Get:28 http://nova.clouds.archive.ubuntu.com/ubuntu bionic-backports/universe Translation-en [1856 B]                                                
Fetched 18.2 MB in 10s (1820 kB/s)                                                                                                                   
Reading package lists... Done
ubuntu@pod16-node1:~$ sudo apt -y install docker.io
Reading package lists... Done
Building dependency tree       
Reading state information... Done
The following package was automatically installed and is no longer required:
  grub-pc-bin
Use 'sudo apt autoremove' to remove it.
The following additional packages will be installed:
  bridge-utils cgroupfs-mount containerd pigz runc ubuntu-fan
Suggested packages:
  ifupdown aufs-tools debootstrap docker-doc rinse zfs-fuse | zfsutils
The following NEW packages will be installed:
  bridge-utils cgroupfs-mount containerd docker.io pigz runc ubuntu-fan
0 upgraded, 7 newly installed, 0 to remove and 185 not upgraded.
Need to get 52.2 MB of archives.
After this operation, 257 MB of additional disk space will be used.
Get:1 http://nova.clouds.archive.ubuntu.com/ubuntu bionic/universe amd64 pigz amd64 2.4-1 [57.4 kB]
Get:2 http://nova.clouds.archive.ubuntu.com/ubuntu bionic/main amd64 bridge-utils amd64 1.5-15ubuntu1 [30.1 kB]
Get:3 http://nova.clouds.archive.ubuntu.com/ubuntu bionic/universe amd64 cgroupfs-mount all 1.4 [6320 B]
Get:4 http://nova.clouds.archive.ubuntu.com/ubuntu bionic-updates/universe amd64 runc amd64 1.0.0~rc7+git20190403.029124da-0ubuntu1~18.04.2 [1903 kB]
Get:5 http://nova.clouds.archive.ubuntu.com/ubuntu bionic-updates/universe amd64 containerd amd64 1.2.6-0ubuntu1~18.04.2 [19.4 MB]
Get:6 http://nova.clouds.archive.ubuntu.com/ubuntu bionic-updates/universe amd64 docker.io amd64 18.09.7-0ubuntu1~18.04.4 [30.7 MB]                  
Get:7 http://nova.clouds.archive.ubuntu.com/ubuntu bionic/main amd64 ubuntu-fan all 0.12.10 [34.7 kB]                                                
Fetched 52.2 MB in 17s (3039 kB/s)                                                                                                                   
Preconfiguring packages ...
Selecting previously unselected package pigz.
(Reading database ... 60076 files and directories currently installed.)
Preparing to unpack .../0-pigz_2.4-1_amd64.deb ...
Unpacking pigz (2.4-1) ...
Selecting previously unselected package bridge-utils.
Preparing to unpack .../1-bridge-utils_1.5-15ubuntu1_amd64.deb ...
Unpacking bridge-utils (1.5-15ubuntu1) ...
Selecting previously unselected package cgroupfs-mount.
Preparing to unpack .../2-cgroupfs-mount_1.4_all.deb ...
Unpacking cgroupfs-mount (1.4) ...
Selecting previously unselected package runc.
Preparing to unpack .../3-runc_1.0.0~rc7+git20190403.029124da-0ubuntu1~18.04.2_amd64.deb ...
Unpacking runc (1.0.0~rc7+git20190403.029124da-0ubuntu1~18.04.2) ...
Selecting previously unselected package containerd.
Preparing to unpack .../4-containerd_1.2.6-0ubuntu1~18.04.2_amd64.deb ...
Unpacking containerd (1.2.6-0ubuntu1~18.04.2) ...
Selecting previously unselected package docker.io.
Preparing to unpack .../5-docker.io_18.09.7-0ubuntu1~18.04.4_amd64.deb ...
Unpacking docker.io (18.09.7-0ubuntu1~18.04.4) ...
Selecting previously unselected package ubuntu-fan.
Preparing to unpack .../6-ubuntu-fan_0.12.10_all.deb ...
Unpacking ubuntu-fan (0.12.10) ...
Setting up runc (1.0.0~rc7+git20190403.029124da-0ubuntu1~18.04.2) ...
Processing triggers for ureadahead (0.100.0-20) ...
Setting up cgroupfs-mount (1.4) ...
Setting up containerd (1.2.6-0ubuntu1~18.04.2) ...
Created symlink /etc/systemd/system/multi-user.target.wants/containerd.service → /lib/systemd/system/containerd.service.
Setting up bridge-utils (1.5-15ubuntu1) ...
Setting up ubuntu-fan (0.12.10) ...
Created symlink /etc/systemd/system/multi-user.target.wants/ubuntu-fan.service → /lib/systemd/system/ubuntu-fan.service.
Processing triggers for systemd (237-3ubuntu10.13) ...
Processing triggers for man-db (2.8.3-2ubuntu0.1) ...
Setting up pigz (2.4-1) ...
Setting up docker.io (18.09.7-0ubuntu1~18.04.4) ...
Adding group `docker' (GID 115) ...
Done.
Created symlink /etc/systemd/system/sockets.target.wants/docker.socket → /lib/systemd/system/docker.socket.
Processing triggers for ureadahead (0.100.0-20) ...
Processing triggers for systemd (237-3ubuntu10.13) ...
ubuntu@pod16-node1:~$ sudo systemctl status docker
● docker.service - Docker Application Container Engine
   Loaded: loaded (/lib/systemd/system/docker.service; disabled; vendor preset: enabled)
   Active: active (running) since Mon 2020-01-06 10:56:46 UTC; 51s ago
     Docs: https://docs.docker.com
 Main PID: 14174 (dockerd)
    Tasks: 11
   CGroup: /system.slice/docker.service
           └─14174 /usr/bin/dockerd -H fd:// --containerd=/run/containerd/containerd.sock

Jan 06 10:56:46 pod16-node1 dockerd[14174]: time="2020-01-06T10:56:46.201896100Z" level=warning msg="Your kernel does not support cgroup rt period"
Jan 06 10:56:46 pod16-node1 dockerd[14174]: time="2020-01-06T10:56:46.202064179Z" level=warning msg="Your kernel does not support cgroup rt runtime"
Jan 06 10:56:46 pod16-node1 dockerd[14174]: time="2020-01-06T10:56:46.203237068Z" level=info msg="Loading containers: start."
Jan 06 10:56:46 pod16-node1 dockerd[14174]: time="2020-01-06T10:56:46.446678813Z" level=info msg="Default bridge (docker0) is assigned with an IP addr
Jan 06 10:56:46 pod16-node1 dockerd[14174]: time="2020-01-06T10:56:46.610809013Z" level=info msg="Loading containers: done."
Jan 06 10:56:46 pod16-node1 dockerd[14174]: time="2020-01-06T10:56:46.618658812Z" level=warning msg="failed to retrieve runc version: unknown output f
Jan 06 10:56:46 pod16-node1 dockerd[14174]: time="2020-01-06T10:56:46.659216030Z" level=info msg="Docker daemon" commit=2d0083d graphdriver(s)=overlay
Jan 06 10:56:46 pod16-node1 dockerd[14174]: time="2020-01-06T10:56:46.659673435Z" level=info msg="Daemon has completed initialization"
Jan 06 10:56:46 pod16-node1 systemd[1]: Started Docker Application Container Engine.
Jan 06 10:56:46 pod16-node1 dockerd[14174]: time="2020-01-06T10:56:46.680696639Z" level=info msg="API listen on /var/run/docker.sock"
lines 1-19/19 (END)
ubuntu@pod16-node1:~$ sudo curl -L https://github.com/docker/compose/releases/download/1.20.1/docker-compose-$(uname -s)-$(uname -m) -o /usr/local/bin/docker-compose
  % Total    % Received % Xferd  Average Speed   Time    Time     Time  Current
                                 Dload  Upload   Total   Spent    Left  Speed
100   617    0   617    0     0   1362      0 --:--:-- --:--:-- --:--:--  1365
100 10.3M  100 10.3M    0     0  2580k      0  0:00:04  0:00:04 --:--:-- 3126k
ubuntu@pod16-node1:~$ sudo chmod +x /usr/local/bin/docker-compose
ubuntu@pod16-node1:~$ sudo docker-compose --version
docker-compose version 1.20.1, build 5d8c71b
ubuntu@pod16-node1:~$ sudo wget -O /usr/bin/gitlab-runner https://gitlab-runner-downloads.s3.amazonaws.com/latest/binaries/gitlab-runner-linux-amd64
--2020-01-06 10:58:31--  https://gitlab-runner-downloads.s3.amazonaws.com/latest/binaries/gitlab-runner-linux-amd64
Resolving gitlab-runner-downloads.s3.amazonaws.com (gitlab-runner-downloads.s3.amazonaws.com)... 52.216.185.251
Connecting to gitlab-runner-downloads.s3.amazonaws.com (gitlab-runner-downloads.s3.amazonaws.com)|52.216.185.251|:443... connected.
HTTP request sent, awaiting response... 200 OK
Length: 34525184 (33M) [application/octet-stream]
Saving to: ‘/usr/bin/gitlab-runner’

/usr/bin/gitlab-runner                100%[=======================================================================>]  32.93M  8.18MB/s    in 4.0s    

2020-01-06 10:58:36 (8.18 MB/s) - ‘/usr/bin/gitlab-runner’ saved [34525184/34525184]

ubuntu@pod16-node1:~$ sudo chmod +x /usr/bin/gitlab-runner
ubuntu@pod16-node1:~$ sudo useradd --comment 'GitLab Runner' --create-home gitlab-runner --shell /bin/bash
ubuntu@pod16-node1:~$ sudo gitlab-runner install --user=gitlab-runner --working-directory=/home/gitlab-runner
Runtime platform                                    arch=amd64 os=linux pid=14428 revision=ac8e767a version=12.6.0
ubuntu@pod16-node1:~$ git clone http://10.60.8.169/root/apps.git
Cloning into 'apps'...
warning: You appear to have cloned an empty repository.
ubuntu@pod16-node1:~$ ls
apps
ubuntu@pod16-node1:~$ cd apps/
ubuntu@pod16-node1:~/apps$ vi Dockerfile
ubuntu@pod16-node1:~/apps$ vi docker-compose.yml
ubuntu@pod16-node1:~/apps$ vi .gitlab-ci.yml
ubuntu@pod16-node1:~/apps$ vi index.html
ubuntu@pod16-node1:~/apps$ git add .
ubuntu@pod16-node1:~/apps$ git commit -m "GitPon"

*** Please tell me who you are.

Run

  git config --global user.email "you@example.com"
  git config --global user.name "Your Name"

to set your account's default identity.
Omit --global to set the identity only in this repository.

fatal: unable to auto-detect email address (got 'ubuntu@pod16-node1.(none)')
ubuntu@pod16-node1:~/apps$ git config --global user.name "root"
ubuntu@pod16-node1:~/apps$ git add .
ubuntu@pod16-node1:~/apps$ git commit -m "GitPon"

*** Please tell me who you are.

Run

  git config --global user.email "you@example.com"
  git config --global user.name "Your Name"

to set your account's default identity.
Omit --global to set the identity only in this repository.

fatal: unable to auto-detect email address (got 'ubuntu@pod16-node1.(none)')
ubuntu@pod16-node1:~/apps$ git add .
ubuntu@pod16-node1:~/apps$ git commit -m "GitPon"

*** Please tell me who you are.

Run

  git config --global user.email "you@example.com"
  git config --global user.name "Your Name"

to set your account's default identity.
Omit --global to set the identity only in this repository.

fatal: unable to auto-detect email address (got 'ubuntu@pod16-node1.(none)')
ubuntu@pod16-node1:~/apps$ git config --global user.name "root"
ubuntu@pod16-node1:~/apps$ git commit -m "GitPon"

*** Please tell me who you are.

Run

  git config --global user.email "you@example.com"
  git config --global user.name "Your Name"

to set your account's default identity.
Omit --global to set the identity only in this repository.

fatal: unable to auto-detect email address (got 'ubuntu@pod16-node1.(none)')
ubuntu@pod16-node1:~/apps$ git add .
ubuntu@pod16-node1:~/apps$ git commit -m "GitPon"

*** Please tell me who you are.

Run

  git config --global user.email "you@example.com"
  git config --global user.name "Your Name"

to set your account's default identity.
Omit --global to set the identity only in this repository.

fatal: unable to auto-detect email address (got 'ubuntu@pod16-node1.(none)')
ubuntu@pod16-node1:~/apps$ git add .
ubuntu@pod16-node1:~/apps$ git commit -m "Initial commit"

*** Please tell me who you are.

Run

  git config --global user.email "you@example.com"
  git config --global user.name "Your Name"

to set your account's default identity.
Omit --global to set the identity only in this repository.

fatal: unable to auto-detect email address (got 'ubuntu@pod16-node1.(none)')
ubuntu@pod16-node1:~/apps$ git config --global user.email "admin@example.com"
ubuntu@pod16-node1:~/apps$ git config --global user.name "root"
ubuntu@pod16-node1:~/apps$ git add .
ubuntu@pod16-node1:~/apps$ git commit -m "Initial commit"
[master (root-commit) a45bcfa] Initial commit
 4 files changed, 28 insertions(+)
 create mode 100644 .gitlab-ci.yml
 create mode 100644 Dockerfile
 create mode 100644 docker-compose.yml
 create mode 100644 index.html
ubuntu@pod16-node1:~/apps$ git push
Username for 'http://10.60.8.169': root
Password for 'http://root@10.60.8.169': 
Counting objects: 6, done.
Delta compression using up to 2 threads.
Compressing objects: 100% (5/5), done.
Writing objects: 100% (6/6), 650 bytes | 650.00 KiB/s, done.
Total 6 (delta 0), reused 0 (delta 0)
To http://10.60.8.169/root/apps.git
 * [new branch]      master -> master
ubuntu@pod16-node1:~/apps$ sudo gitlab-runner register -n \
>   --url http://10.60.8.169/ \
>   --registration-token qnrAJQDcsZruqQ4veCdX \
>   --executor shell \
>   --description "apps" \
>   --tag-list "apps"
Runtime platform                                    arch=amd64 os=linux pid=14522 revision=ac8e767a version=12.6.0
Running in system-mode.                            
                                                   
Registering runner... succeeded                     runner=qnrAJQDc
Runner registered successfully. Feel free to start it, but if it's running already the config should be automatically reloaded! 
ubuntu@pod16-node1:~/apps$ sudo usermod -aG docker gitlab-runner
ubuntu@pod16-node1:~/apps$ sudo -u gitlab-runner -H docker info
Containers: 0
 Running: 0
 Paused: 0
 Stopped: 0
Images: 0
Server Version: 18.09.7
Storage Driver: overlay2
 Backing Filesystem: extfs
 Supports d_type: true
 Native Overlay Diff: true
Logging Driver: json-file
Cgroup Driver: cgroupfs
Plugins:
 Volume: local
 Network: bridge host macvlan null overlay
 Log: awslogs fluentd gcplogs gelf journald json-file local logentries splunk syslog
Swarm: inactive
Runtimes: runc
Default Runtime: runc
Init Binary: docker-init
containerd version: 
runc version: N/A
init version: v0.18.0 (expected: fec3683b971d9c3ef73f284f176672c44b448662)
Security Options:
 apparmor
 seccomp
  Profile: default
Kernel Version: 4.15.0-46-generic
Operating System: Ubuntu 18.04.2 LTS
OSType: linux
Architecture: x86_64
CPUs: 2
Total Memory: 1.946GiB
Name: pod16-node1
ID: JKH7:5T5F:FCCW:O4BN:7MNA:6SJZ:MG5B:H4QT:LUQA:UNRW:56HB:IVCL
Docker Root Dir: /var/lib/docker
Debug Mode (client): false
Debug Mode (server): false
Registry: https://index.docker.io/v1/
Labels:
Experimental: false
Insecure Registries:
 127.0.0.0/8
Live Restore Enabled: false

WARNING: No swap limit support
ubuntu@pod16-node1:~/apps$ sudo gitlab-runner start
Runtime platform                                    arch=amd64 os=linux pid=14565 revision=ac8e767a version=12.6.0
ubuntu@pod16-node1:~/apps$ sudo gitlab-runner list
Runtime platform                                    arch=amd64 os=linux pid=14748 revision=ac8e767a version=12.6.0
Listing configured runners                          ConfigFile=/etc/gitlab-runner/config.toml
apps                                                Executor=shell Token=G8cvxzh1mk2mC5eY58xD URL=http://10.60.8.169/
ubuntu@pod16-node1:~/apps$ sudo gitlab-runner status
Runtime platform                                    arch=amd64 os=linux pid=14815 revision=ac8e767a version=12.6.0
gitlab-runner: Service is running!
ubuntu@pod16-node1:~/apps$ sudo gitlab-runner verify
Runtime platform                                    arch=amd64 os=linux pid=15101 revision=ac8e767a version=12.6.0
Running in system-mode.                            
                                                   
Verifying runner... is alive                        runner=G8cvxzh1
ubuntu@pod16-node1:~/apps$ sudo su
root@pod16-node1:/home/ubuntu/apps# docker ps
CONTAINER ID        IMAGE               COMMAND              CREATED              STATUS              PORTS                  NAMES
a1ef52618668        app:1               "httpd-foreground"   About a minute ago   Up About a minute   0.0.0.0:8070->80/tcp   app
root@pod16-node1:/home/ubuntu/apps# curl -i http://localhost:8070 && echo ""
HTTP/1.1 200 OK
Date: Mon, 06 Jan 2020 11:25:20 GMT
Server: Apache/2.4.41 (Unix)
Last-Modified: Mon, 06 Jan 2020 11:17:31 GMT
ETag: "12-59b76ce2c28c0"
Accept-Ranges: bytes
Content-Length: 18
Content-Type: text/html

!! Hello Wolrd !!

root@pod16-node1:/home/ubuntu/apps# vi ok.html
root@pod16-node1:/home/ubuntu/apps# ^C
root@pod16-node1:/home/ubuntu/apps# 
